// Jest Snapshot v1, https://goo.gl/fbAQLP

exports[`App Matches App Snapshot 1`] = `null`;

exports[`CartList Matches Cart List Component Snapshot 1`] = `
<div
  className="MuiPaper-root MuiPaper-elevation MuiPaper-rounded MuiPaper-elevation1 MuiCard-root css-bhp9pd-MuiPaper-root-MuiCard-root"
>
  <div
    className="MuiGrid-root MuiGrid-container MuiGrid-spacing-xs-2 css-mhc70k-MuiGrid-root"
  >
    <div
      className="MuiGrid-root MuiGrid-item MuiGrid-grid-xs-12 MuiGrid-grid-sm-1 css-1wztp5r-MuiGrid-root"
    >
      <div
        className="MuiBox-root css-1n2mv2k"
      >
        <img
          alt="item.title"
          loading="lazy"
          src="https://cdn-img.prettylittlething.com/3/6/5/a/365a5d1dce6a2b77b564379b302c9d83afccf33b_cmd2051_1.jpg?imwidth=1024"
          style={
            Object {
              "height": 100,
              "objectFit": "cover",
              "width": 60,
            }
          }
        />
      </div>
    </div>
    <div
      className="MuiGrid-root MuiGrid-item MuiGrid-grid-xs-12 MuiGrid-grid-sm-7 css-5n8ohs-MuiGrid-root"
    >
      <div
        className="MuiBox-root css-j7qwjs"
      >
        <div
          className="MuiCardContent-root css-1qaznj3-MuiCardContent-root"
        >
          <div
            className="MuiTypography-root MuiTypography-h6 css-2ulfj5-MuiTypography-root"
            data-testid="name"
          >
            Stone Ribbed Strappy Cut Out Detail Bodycon Dress
          </div>
          <div
            className="MuiTypography-root MuiTypography-subtitle1 css-ecpxie-MuiTypography-root"
            data-testid="price"
          >
            Â£
            4
          </div>
        </div>
      </div>
    </div>
    <div
      className="MuiGrid-root MuiGrid-item MuiGrid-grid-xs-12 MuiGrid-grid-sm-4 css-wg4xta-MuiGrid-root"
    >
      <div
        className="MuiCardContent-root css-1qaznj3-MuiCardContent-root"
      >
        <div
          className="MuiBox-root css-1n2mv2k"
        >
          <button
            className="MuiButtonBase-root MuiIconButton-root MuiIconButton-sizeMedium css-78trlr-MuiButtonBase-root-MuiIconButton-root"
            disabled={false}
            onBlur={[Function]}
            onClick={[Function]}
            onContextMenu={[Function]}
            onDragLeave={[Function]}
            onFocus={[Function]}
            onKeyDown={[Function]}
            onKeyUp={[Function]}
            onMouseDown={[Function]}
            onMouseLeave={[Function]}
            onMouseUp={[Function]}
            onTouchEnd={[Function]}
            onTouchMove={[Function]}
            onTouchStart={[Function]}
            style={
              Object {
                "background": "#f2f2f2",
                "borderRadius": 4,
                "padding": 20,
              }
            }
            tabIndex={0}
            type="button"
          >
             
            +
             
          </button>
          <div
            style={
              Object {
                "display": "flex",
                "flexDirection": "column",
              }
            }
          >
            <div
              className="MuiTypography-root MuiTypography-subtitle1 css-10wpov9-MuiTypography-root"
              data-testid="Qty"
              style={
                Object {
                  "padding": 10,
                  "textAlign": "center",
                }
              }
            >
              0
            </div>
            <button
              className="MuiTypography-root MuiTypography-subtitle1 css-10wpov9-MuiTypography-root"
              onClick={[Function]}
              style={
                Object {
                  "backgroundColor": "transparent",
                  "border": "0px",
                  "cursor": "pointer",
                  "padding": 10,
                  "textAlign": "center",
                }
              }
            >
              Remove
            </button>
          </div>
          <button
            className="MuiButtonBase-root MuiIconButton-root MuiIconButton-sizeMedium css-78trlr-MuiButtonBase-root-MuiIconButton-root"
            disabled={false}
            onBlur={[Function]}
            onClick={[Function]}
            onContextMenu={[Function]}
            onDragLeave={[Function]}
            onFocus={[Function]}
            onKeyDown={[Function]}
            onKeyUp={[Function]}
            onMouseDown={[Function]}
            onMouseLeave={[Function]}
            onMouseUp={[Function]}
            onTouchEnd={[Function]}
            onTouchMove={[Function]}
            onTouchStart={[Function]}
            style={
              Object {
                "background": "#f2f2f2",
                "borderRadius": 4,
                "padding": 20,
              }
            }
            tabIndex={0}
            type="button"
          >
             
            -
             
          </button>
        </div>
      </div>
    </div>
  </div>
</div>
`;
